{"level":"info","time":"2026-04-30T18:10:02Z","message":"Running sync with state: {\"type\":\"STREAM\",\"version\":6}"}
{"level":"info","time":"2026-04-30T18:10:02Z","message":"Starting discover for MongoDB database shop"}
{"level":"info","time":"2026-04-30T18:10:02Z","message":"Valid selected streams are shop.orders"}
{"level":"debug","time":"2026-04-30T18:10:04Z","message":"Failed to fetch location for IP 210.89.61.44: Get \"https://ipinfo.io/210.89.61.44/json\": context deadline exceeded (Client.Timeout exceeded while awaiting headers)"}
{"level":"info","time":"2026-04-30T18:10:16Z","message":"Iceberg JAR file found in base directory: /home/olake-iceberg-java-writer.jar"}
{"level":"info","message":"Thread[test_iceberg_destination:50051] 18:10:27.780 [main] INFO  io.debezium.server.iceberg.OlakeRpcServer - Logs will be output to console only","time":"2026-04-30T18:10:27Z"}
{"level":"info","message":"Thread[test_iceberg_destination:50051] 18:10:28.633 [main] INFO  org.apache.iceberg.CatalogUtil - Loading custom FileIO implementation: org.apache.iceberg.io.ResolvingFileIO","time":"2026-04-30T18:10:28Z"}
{"level":"info","message":"Thread[test_iceberg_destination:50051] 18:10:31.376 [main] WARN  org.apache.iceberg.jdbc.JdbcCatalog - JDBC catalog is initialized without view support. To auto-migrate the database's schema and enable view support, set jdbc.schema-version=V1","time":"2026-04-30T18:10:31Z"}
{"level":"info","message":"Thread[test_iceberg_destination:50051] 18:10:31.444 [main] INFO  io.debezium.serde.json.JsonSerdeConfig - JsonSerdeConfig values: ","time":"2026-04-30T18:10:31Z"}
{"level":"info","message":"Thread[test_iceberg_destination:50051] \tfrom.field = null","time":"2026-04-30T18:10:31Z"}
{"level":"info","message":"Thread[test_iceberg_destination:50051] \tunknown.properties.ignored = false","time":"2026-04-30T18:10:31Z"}
{"level":"info","message":"Thread[test_iceberg_destination:50051] ","time":"2026-04-30T18:10:31Z"}
{"level":"info","message":"Thread[test_iceberg_destination:50051] 18:10:31.461 [main] INFO  io.debezium.serde.json.JsonSerdeConfig - JsonSerdeConfig values: ","time":"2026-04-30T18:10:31Z"}
{"level":"info","message":"Thread[test_iceberg_destination:50051] \tfrom.field = null","time":"2026-04-30T18:10:31Z"}
{"level":"info","message":"Thread[test_iceberg_destination:50051] \tunknown.properties.ignored = false","time":"2026-04-30T18:10:31Z"}
{"level":"info","message":"Thread[test_iceberg_destination:50051] ","time":"2026-04-30T18:10:31Z"}
{"level":"info","message":"Thread[test_iceberg_destination:50051] 18:10:32.968 [main] INFO  io.debezium.server.iceberg.OlakeRpcServer - Legacy writer enabled - registered OlakeRowsIngester service","time":"2026-04-30T18:10:32Z"}
{"level":"info","message":"Thread[test_iceberg_destination:50051] 18:10:33.648 [main] INFO  io.debezium.server.iceberg.OlakeRpcServer - Server started on port 50051 with max message size: 1024MB","time":"2026-04-30T18:10:33Z"}
{"level":"info","time":"2026-04-30T18:10:33Z","message":"Thread[test_iceberg_destination]: Connected to new iceberg writer on port 50051"}
{"level":"info","message":"Thread[test_iceberg_destination:50051] 18:10:35.676 [grpc-default-executor-0] WARN  io.debezium.server.iceberg.IcebergUtil - Creating table:'test_olake.test_olake'","time":"2026-04-30T18:10:35Z"}
{"level":"info","message":"Thread[test_iceberg_destination:50051] schema:table {","time":"2026-04-30T18:10:35Z"}
{"level":"info","message":"Thread[test_iceberg_destination:50051]   1: data: optional string","time":"2026-04-30T18:10:35Z"}
{"level":"info","message":"Thread[test_iceberg_destination:50051]   2: _cdc_timestamp: optional timestamptz","time":"2026-04-30T18:10:35Z"}
{"level":"info","message":"Thread[test_iceberg_destination:50051]   3: _olake_timestamp: optional timestamptz","time":"2026-04-30T18:10:35Z"}
{"level":"info","message":"Thread[test_iceberg_destination:50051]   4: _op_type: optional string","time":"2026-04-30T18:10:35Z"}
{"level":"info","message":"Thread[test_iceberg_destination:50051]   5: _olake_id: optional string","time":"2026-04-30T18:10:35Z"}
{"level":"info","message":"Thread[test_iceberg_destination:50051] }","time":"2026-04-30T18:10:35Z"}
{"level":"info","message":"Thread[test_iceberg_destination:50051] rowIdentifier:[]","time":"2026-04-30T18:10:35Z"}
{"level":"info","message":"Thread[test_iceberg_destination:50051] 18:10:35.718 [grpc-default-executor-0] WARN  io.debezium.server.iceberg.IcebergUtil - Created namespace:'test_olake'","time":"2026-04-30T18:10:35Z"}
{"level":"info","message":"Thread[test_iceberg_destination:50051] 18:10:35.735 [grpc-default-executor-0] INFO  org.apache.iceberg.BaseMetastoreCatalog - Table properties set at catalog level through catalog properties: {}","time":"2026-04-30T18:10:35Z"}
{"level":"info","message":"Thread[test_iceberg_destination:50051] 18:10:35.748 [grpc-default-executor-0] INFO  org.apache.iceberg.BaseMetastoreCatalog - Table properties enforced at catalog level through catalog properties: {}","time":"2026-04-30T18:10:35Z"}
{"level":"info","message":"Thread[test_iceberg_destination:50051] 18:10:35.856 [grpc-default-executor-0] INFO  org.apache.iceberg.CatalogUtil - Loading custom FileIO implementation: org.apache.iceberg.aws.s3.S3FileIO","time":"2026-04-30T18:10:35Z"}
{"level":"info","message":"Thread[test_iceberg_destination:50051] 18:10:40.034 [grpc-default-executor-0] INFO  org.apache.iceberg.BaseMetastoreTableOperations - Successfully committed to table test_olake.test_olake in 4192 ms","time":"2026-04-30T18:10:40Z"}
{"level":"info","message":"Thread[test_iceberg_destination:50051] 18:10:40.070 [grpc-default-executor-0] INFO  org.apache.iceberg.BaseMetastoreTableOperations - Refreshing table metadata from new version: s3://olake-iceberg/warehouse/test_olake/test_olake/metadata/00000-4b2a48a3-b6e3-4ebf-8179-286d28c66410.metadata.json","time":"2026-04-30T18:10:40Z"}
{"level":"info","message":"Thread[test_iceberg_destination:50051] 18:10:40.700 [grpc-default-executor-0] INFO  io.debezium.server.iceberg.rpc.OlakeRowsIngester - [Thread-24-15206656444467] Total time taken: 5162 ms","time":"2026-04-30T18:10:40Z"}
{"level":"info","time":"2026-04-30T18:10:40Z","message":"Thread[test_iceberg_destination]: table created or loaded test olake: table {\n  1: data: optional string\n  2: _cdc_timestamp: optional timestamptz\n  3: _olake_timestamp: optional timestamptz\n  4: _op_type: optional string\n  5: _olake_id: optional string\n}"}
{"level":"info","message":"Thread[test_iceberg_destination:50051] 18:10:43.403 [grpc-default-executor-0] INFO  io.debezium.server.iceberg.tableoperator.IcebergTableOperator - Successfully wrote 1 events for thread: test_iceberg_destination","time":"2026-04-30T18:10:43Z"}
{"level":"info","message":"Thread[test_iceberg_destination:50051] 18:10:43.411 [grpc-default-executor-0] INFO  io.debezium.server.iceberg.rpc.OlakeRowsIngester - [Thread-24-15211988727268] Total time taken: 2541 ms","time":"2026-04-30T18:10:43Z"}
{"level":"debug","time":"2026-04-30T18:10:43Z","message":"Thread[test_iceberg_destination]: record inserted successfully: successfully pushed records: 1"}
{"level":"info","time":"2026-04-30T18:10:43Z","message":"Thread[test_iceberg_destination]: shutting down Iceberg server on port 50051"}
{"level":"info","time":"2026-04-30T18:10:43Z","message":"Total expected count for stream shop.orders: 15"}
{"level":"info","time":"2026-04-30T18:10:43Z","message":"using split vector strategy for stream: shop.orders"}
{"level":"info","time":"2026-04-30T18:10:43Z","message":"Starting backfill for stream[orders] with 1 chunks"}
{"level":"info","time":"2026-04-30T18:10:53Z","message":"Iceberg JAR file found in base directory: /home/olake-iceberg-java-writer.jar"}
{"level":"info","message":"Thread[shop.orders_min[69f399593dc9b21a0b8de666]-max[<nil>]:50052] 18:10:56.732 [main] INFO  io.debezium.server.iceberg.OlakeRpcServer - Logs will be output to console only","time":"2026-04-30T18:10:56Z"}
{"level":"info","message":"Thread[shop.orders_min[69f399593dc9b21a0b8de666]-max[<nil>]:50052] 18:10:56.915 [main] INFO  org.apache.iceberg.CatalogUtil - Loading custom FileIO implementation: org.apache.iceberg.io.ResolvingFileIO","time":"2026-04-30T18:10:56Z"}
{"level":"info","message":"Thread[shop.orders_min[69f399593dc9b21a0b8de666]-max[<nil>]:50052] 18:10:58.386 [main] WARN  org.apache.iceberg.jdbc.JdbcCatalog - JDBC catalog is initialized without view support. To auto-migrate the database's schema and enable view support, set jdbc.schema-version=V1","time":"2026-04-30T18:10:58Z"}
{"level":"info","message":"Thread[shop.orders_min[69f399593dc9b21a0b8de666]-max[<nil>]:50052] 18:10:58.456 [main] INFO  io.debezium.serde.json.JsonSerdeConfig - JsonSerdeConfig values: ","time":"2026-04-30T18:10:58Z"}
{"level":"info","message":"Thread[shop.orders_min[69f399593dc9b21a0b8de666]-max[<nil>]:50052] \tfrom.field = null","time":"2026-04-30T18:10:58Z"}
{"level":"info","message":"Thread[shop.orders_min[69f399593dc9b21a0b8de666]-max[<nil>]:50052] \tunknown.properties.ignored = false","time":"2026-04-30T18:10:58Z"}
{"level":"info","message":"Thread[shop.orders_min[69f399593dc9b21a0b8de666]-max[<nil>]:50052] ","time":"2026-04-30T18:10:58Z"}
{"level":"info","message":"Thread[shop.orders_min[69f399593dc9b21a0b8de666]-max[<nil>]:50052] 18:10:58.458 [main] INFO  io.debezium.serde.json.JsonSerdeConfig - JsonSerdeConfig values: ","time":"2026-04-30T18:10:58Z"}
{"level":"info","message":"Thread[shop.orders_min[69f399593dc9b21a0b8de666]-max[<nil>]:50052] \tfrom.field = null","time":"2026-04-30T18:10:58Z"}
{"level":"info","message":"Thread[shop.orders_min[69f399593dc9b21a0b8de666]-max[<nil>]:50052] \tunknown.properties.ignored = false","time":"2026-04-30T18:10:58Z"}
{"level":"info","message":"Thread[shop.orders_min[69f399593dc9b21a0b8de666]-max[<nil>]:50052] ","time":"2026-04-30T18:10:58Z"}
{"level":"info","message":"Thread[shop.orders_min[69f399593dc9b21a0b8de666]-max[<nil>]:50052] 18:10:59.158 [main] INFO  io.debezium.server.iceberg.OlakeRpcServer - Legacy writer enabled - registered OlakeRowsIngester service","time":"2026-04-30T18:10:59Z"}
{"level":"info","message":"Thread[shop.orders_min[69f399593dc9b21a0b8de666]-max[<nil>]:50052] 18:11:00.064 [main] INFO  io.debezium.server.iceberg.OlakeRpcServer - Server started on port 50052 with max message size: 1024MB","time":"2026-04-30T18:11:00Z"}
{"level":"info","time":"2026-04-30T18:11:00Z","message":"Thread[shop.orders_min[69f399593dc9b21a0b8de666]-max[<nil>]]: Connected to new iceberg writer on port 50052"}
{"level":"info","time":"2026-04-30T18:11:00Z","message":"Creating destination table [orders] in Iceberg database [mongodb_shop] for stream [orders]"}
{"level":"info","message":"Thread[shop.orders_min[69f399593dc9b21a0b8de666]-max[<nil>]:50052] 18:11:01.118 [grpc-default-executor-0] WARN  io.debezium.server.iceberg.IcebergUtil - Creating table:'mongodb_shop.orders'","time":"2026-04-30T18:11:01Z"}
{"level":"info","message":"Thread[shop.orders_min[69f399593dc9b21a0b8de666]-max[<nil>]:50052] schema:table {","time":"2026-04-30T18:11:01Z"}
{"level":"info","message":"Thread[shop.orders_min[69f399593dc9b21a0b8de666]-max[<nil>]:50052]   1: _olake_id: required string (id)","time":"2026-04-30T18:11:01Z"}
{"level":"info","message":"Thread[shop.orders_min[69f399593dc9b21a0b8de666]-max[<nil>]:50052]   2: _cdc_resume_token: optional string","time":"2026-04-30T18:11:01Z"}
{"level":"info","message":"Thread[shop.orders_min[69f399593dc9b21a0b8de666]-max[<nil>]:50052]   3: _olake_timestamp: optional timestamptz","time":"2026-04-30T18:11:01Z"}
{"level":"info","message":"Thread[shop.orders_min[69f399593dc9b21a0b8de666]-max[<nil>]:50052]   4: _cdc_timestamp: optional timestamptz","time":"2026-04-30T18:11:01Z"}
{"level":"info","message":"Thread[shop.orders_min[69f399593dc9b21a0b8de666]-max[<nil>]:50052]   5: _op_type: optional string","time":"2026-04-30T18:11:01Z"}
{"level":"info","message":"Thread[shop.orders_min[69f399593dc9b21a0b8de666]-max[<nil>]:50052]   6: data: optional string","time":"2026-04-30T18:11:01Z"}
{"level":"info","message":"Thread[shop.orders_min[69f399593dc9b21a0b8de666]-max[<nil>]:50052] }","time":"2026-04-30T18:11:01Z"}
{"level":"info","message":"Thread[shop.orders_min[69f399593dc9b21a0b8de666]-max[<nil>]:50052] rowIdentifier:[_olake_id]","time":"2026-04-30T18:11:01Z"}
{"level":"info","message":"Thread[shop.orders_min[69f399593dc9b21a0b8de666]-max[<nil>]:50052] 18:11:01.147 [grpc-default-executor-0] WARN  io.debezium.server.iceberg.IcebergUtil - Created namespace:'mongodb_shop'","time":"2026-04-30T18:11:01Z"}
{"level":"info","message":"Thread[shop.orders_min[69f399593dc9b21a0b8de666]-max[<nil>]:50052] 18:11:01.162 [grpc-default-executor-0] INFO  org.apache.iceberg.BaseMetastoreCatalog - Table properties set at catalog level through catalog properties: {}","time":"2026-04-30T18:11:01Z"}
{"level":"info","message":"Thread[shop.orders_min[69f399593dc9b21a0b8de666]-max[<nil>]:50052] 18:11:01.196 [grpc-default-executor-0] INFO  org.apache.iceberg.BaseMetastoreCatalog - Table properties enforced at catalog level through catalog properties: {}","time":"2026-04-30T18:11:01Z"}
{"level":"info","message":"Thread[shop.orders_min[69f399593dc9b21a0b8de666]-max[<nil>]:50052] 18:11:01.285 [grpc-default-executor-0] INFO  org.apache.iceberg.CatalogUtil - Loading custom FileIO implementation: org.apache.iceberg.aws.s3.S3FileIO","time":"2026-04-30T18:11:01Z"}
{"level":"info","message":"Thread[shop.orders_min[69f399593dc9b21a0b8de666]-max[<nil>]:50052] 18:11:04.348 [grpc-default-executor-0] INFO  org.apache.iceberg.BaseMetastoreTableOperations - Successfully committed to table mongodb_shop.orders in 3074 ms","time":"2026-04-30T18:11:04Z"}
{"level":"info","message":"Thread[shop.orders_min[69f399593dc9b21a0b8de666]-max[<nil>]:50052] 18:11:04.390 [grpc-default-executor-0] INFO  org.apache.iceberg.BaseMetastoreTableOperations - Refreshing table metadata from new version: s3://olake-iceberg/warehouse/mongodb_shop/orders/metadata/00000-e0af75a9-81b4-48b4-ba58-2300cb098d04.metadata.json","time":"2026-04-30T18:11:04Z"}
{"level":"info","message":"Thread[shop.orders_min[69f399593dc9b21a0b8de666]-max[<nil>]:50052] 18:11:04.705 [grpc-default-executor-0] INFO  io.debezium.server.iceberg.rpc.OlakeRowsIngester - [Thread-24-15232147388994] Total time taken: 3637 ms","time":"2026-04-30T18:11:04Z"}
{"level":"info","time":"2026-04-30T18:11:04Z","message":"Thread[shop.orders_min[69f399593dc9b21a0b8de666]-max[<nil>]]: created writer for chunk min[69f399593dc9b21a0b8de666] and max[%!s(<nil>)] of stream shop.orders"}
{"level":"debug","time":"2026-04-30T18:11:04Z","message":"all conditions len: 0, filter conditions len: 0"}
{"level":"debug","time":"2026-04-30T18:11:04Z","message":"Starting backfill from 69f399593dc9b21a0b8de666 to <nil> with filter: []"}
{"level":"info","message":"Thread[shop.orders_min[69f399593dc9b21a0b8de666]-max[<nil>]:50052] 18:11:06.490 [grpc-default-executor-0] INFO  io.debezium.server.iceberg.tableoperator.IcebergTableOperator - Successfully wrote 15 events for thread: shop.orders_min[69f399593dc9b21a0b8de666]-max[<nil>]","time":"2026-04-30T18:11:06Z"}
{"level":"info","message":"Thread[shop.orders_min[69f399593dc9b21a0b8de666]-max[<nil>]:50052] 18:11:06.502 [grpc-default-executor-0] INFO  io.debezium.server.iceberg.rpc.OlakeRowsIngester - [Thread-24-15236279781146] Total time taken: 1302 ms","time":"2026-04-30T18:11:06Z"}
{"level":"debug","time":"2026-04-30T18:11:06Z","message":"Thread[shop.orders_min[69f399593dc9b21a0b8de666]-max[<nil>]]: sent batch to Iceberg server, response: successfully pushed records: 15"}
{"level":"info","time":"2026-04-30T18:11:06Z","message":"Thread[shop.orders_min[69f399593dc9b21a0b8de666]-max[<nil>]]: successfully wrote 15 records"}
{"level":"info","message":"Thread[shop.orders_min[69f399593dc9b21a0b8de666]-max[<nil>]:50052] 18:11:09.387 [grpc-default-executor-0] INFO  org.apache.iceberg.SnapshotProducer - Committed snapshot 2268473149453582131 (MergeAppend)","time":"2026-04-30T18:11:09Z"}
{"level":"info","message":"Thread[shop.orders_min[69f399593dc9b21a0b8de666]-max[<nil>]:50052] 18:11:09.662 [grpc-default-executor-0] INFO  org.apache.iceberg.metrics.LoggingMetricsReporter - Received metrics report: CommitReport{tableName=olake_iceberg.mongodb_shop.orders, snapshotId=2268473149453582131, sequenceNumber=1, operation=append, commitMetrics=CommitMetricsResult{totalDuration=TimerResult{timeUnit=NANOSECONDS, totalDuration=PT1.048604261S, count=1}, attempts=CounterResult{unit=COUNT, value=1}, addedDataFiles=CounterResult{unit=COUNT, value=1}, removedDataFiles=null, totalDataFiles=CounterResult{unit=COUNT, value=1}, addedDeleteFiles=null, addedEqualityDeleteFiles=null, addedPositionalDeleteFiles=null, removedDeleteFiles=null, removedEqualityDeleteFiles=null, removedPositionalDeleteFiles=null, totalDeleteFiles=CounterResult{unit=COUNT, value=0}, addedRecords=CounterResult{unit=COUNT, value=15}, removedRecords=null, totalRecords=CounterResult{unit=COUNT, value=15}, addedFilesSizeInBytes=CounterResult{unit=BYTES, value=3044}, removedFilesSizeInBytes=null, totalFilesSizeInBytes=CounterResult{unit=BYTES, value=3044}, addedPositionalDeletes=null, removedPositionalDeletes=null, totalPositionalDeletes=CounterResult{unit=COUNT, value=0}, addedEqualityDeletes=null, removedEqualityDeletes=null, totalEqualityDeletes=CounterResult{unit=COUNT, value=0}}, metadata={iceberg-version=Apache Iceberg 1.7.2 (commit c4e11060db443b0f3e5b70d25e7784f5a8991ad2)}}","time":"2026-04-30T18:11:09Z"}
{"level":"info","message":"Thread[shop.orders_min[69f399593dc9b21a0b8de666]-max[<nil>]:50052] 18:11:09.939 [grpc-default-executor-0] INFO  org.apache.iceberg.BaseMetastoreTableOperations - Successfully committed to table mongodb_shop.orders in 198 ms","time":"2026-04-30T18:11:09Z"}
{"level":"info","message":"Thread[shop.orders_min[69f399593dc9b21a0b8de666]-max[<nil>]:50052] 18:11:09.941 [grpc-default-executor-0] INFO  org.apache.iceberg.BaseMetastoreTableOperations - Refreshing table metadata from new version: s3://olake-iceberg/warehouse/mongodb_shop/orders/metadata/00001-7ed1c534-c4f6-4591-8548-b643e48cb575.metadata.json","time":"2026-04-30T18:11:09Z"}
{"level":"info","message":"Thread[shop.orders_min[69f399593dc9b21a0b8de666]-max[<nil>]:50052] 18:11:10.073 [grpc-default-executor-0] INFO  io.debezium.server.iceberg.tableoperator.IcebergTableOperator - Successfully committed 1 data files and 0 delete files for thread: shop.orders_min[69f399593dc9b21a0b8de666]-max[<nil>]","time":"2026-04-30T18:11:10Z"}
{"level":"info","message":"Thread[shop.orders_min[69f399593dc9b21a0b8de666]-max[<nil>]:50052] 18:11:10.075 [grpc-default-executor-0] INFO  io.debezium.server.iceberg.rpc.OlakeRowsIngester - [Thread-24-15237850013171] Total time taken: 3305 ms","time":"2026-04-30T18:11:10Z"}
{"level":"debug","time":"2026-04-30T18:11:10Z","message":"Thread[shop.orders_min[69f399593dc9b21a0b8de666]-max[<nil>]]: Sent commit message: [Thread-24-15237850013171] Successfully committed data for thread shop.orders_min[69f399593dc9b21a0b8de666]-max[<nil>]"}
{"level":"info","time":"2026-04-30T18:11:10Z","message":"Thread[shop.orders_min[69f399593dc9b21a0b8de666]-max[<nil>]]: shutting down Iceberg server on port 50052"}
{"level":"info","time":"2026-04-30T18:11:10Z","message":"finished chunk min[69f399593dc9b21a0b8de666] and max[<nil>] of stream shop.orders"}
{"level":"info","time":"2026-04-30T18:11:25Z","message":"Iceberg JAR file found in base directory: /home/olake-iceberg-java-writer.jar"}
{"level":"info","message":"Thread[shop.orders_01KQFSCTNM6M2T7Y9NSJ571JX8:50053] 18:11:27.263 [main] INFO  io.debezium.server.iceberg.OlakeRpcServer - Logs will be output to console only","time":"2026-04-30T18:11:27Z"}
{"level":"info","message":"Thread[shop.orders_01KQFSCTNM6M2T7Y9NSJ571JX8:50053] 18:11:27.384 [main] INFO  org.apache.iceberg.CatalogUtil - Loading custom FileIO implementation: org.apache.iceberg.io.ResolvingFileIO","time":"2026-04-30T18:11:27Z"}
{"level":"info","message":"Thread[shop.orders_01KQFSCTNM6M2T7Y9NSJ571JX8:50053] 18:11:27.827 [main] WARN  org.apache.iceberg.jdbc.JdbcCatalog - JDBC catalog is initialized without view support. To auto-migrate the database's schema and enable view support, set jdbc.schema-version=V1","time":"2026-04-30T18:11:27Z"}
{"level":"info","message":"Thread[shop.orders_01KQFSCTNM6M2T7Y9NSJ571JX8:50053] 18:11:27.850 [main] INFO  io.debezium.serde.json.JsonSerdeConfig - JsonSerdeConfig values: ","time":"2026-04-30T18:11:27Z"}
{"level":"info","message":"Thread[shop.orders_01KQFSCTNM6M2T7Y9NSJ571JX8:50053] \tfrom.field = null","time":"2026-04-30T18:11:27Z"}
{"level":"info","message":"Thread[shop.orders_01KQFSCTNM6M2T7Y9NSJ571JX8:50053] \tunknown.properties.ignored = false","time":"2026-04-30T18:11:27Z"}
{"level":"info","message":"Thread[shop.orders_01KQFSCTNM6M2T7Y9NSJ571JX8:50053] ","time":"2026-04-30T18:11:27Z"}
{"level":"info","message":"Thread[shop.orders_01KQFSCTNM6M2T7Y9NSJ571JX8:50053] 18:11:27.851 [main] INFO  io.debezium.serde.json.JsonSerdeConfig - JsonSerdeConfig values: ","time":"2026-04-30T18:11:27Z"}
{"level":"info","message":"Thread[shop.orders_01KQFSCTNM6M2T7Y9NSJ571JX8:50053] \tfrom.field = null","time":"2026-04-30T18:11:27Z"}
{"level":"info","message":"Thread[shop.orders_01KQFSCTNM6M2T7Y9NSJ571JX8:50053] \tunknown.properties.ignored = false","time":"2026-04-30T18:11:27Z"}
{"level":"info","message":"Thread[shop.orders_01KQFSCTNM6M2T7Y9NSJ571JX8:50053] ","time":"2026-04-30T18:11:27Z"}
{"level":"info","message":"Thread[shop.orders_01KQFSCTNM6M2T7Y9NSJ571JX8:50053] 18:11:28.073 [main] INFO  io.debezium.server.iceberg.OlakeRpcServer - Legacy writer enabled - registered OlakeRowsIngester service","time":"2026-04-30T18:11:28Z"}
{"level":"info","message":"Thread[shop.orders_01KQFSCTNM6M2T7Y9NSJ571JX8:50053] 18:11:28.289 [main] INFO  io.debezium.server.iceberg.OlakeRpcServer - Server started on port 50053 with max message size: 1024MB","time":"2026-04-30T18:11:28Z"}
{"level":"info","time":"2026-04-30T18:11:28Z","message":"Thread[shop.orders_01KQFSCTNM6M2T7Y9NSJ571JX8]: Connected to new iceberg writer on port 50053"}
{"level":"info","time":"2026-04-30T18:11:28Z","message":"Starting CDC sync for stream[shop.orders] with resume token[8269F39B1F000000022B0229296E04]"}
{"level":"info","time":"2026-04-30T18:11:28Z","message":"change stream shop.orders caught up to cluster opTime; terminating gracefully"}
{"level":"info","message":"Thread[shop.orders_01KQFSCTNM6M2T7Y9NSJ571JX8:50053] 18:11:29.105 [grpc-default-executor-0] INFO  org.apache.iceberg.BaseMetastoreTableOperations - Refreshing table metadata from new version: s3://olake-iceberg/warehouse/mongodb_shop/orders/metadata/00001-7ed1c534-c4f6-4591-8548-b643e48cb575.metadata.json","time":"2026-04-30T18:11:29Z"}
{"level":"info","message":"Thread[shop.orders_01KQFSCTNM6M2T7Y9NSJ571JX8:50053] 18:11:29.114 [grpc-default-executor-0] INFO  org.apache.iceberg.CatalogUtil - Loading custom FileIO implementation: org.apache.iceberg.aws.s3.S3FileIO","time":"2026-04-30T18:11:29Z"}
{"level":"info","message":"Thread[shop.orders_01KQFSCTNM6M2T7Y9NSJ571JX8:50053] 18:11:30.601 [grpc-default-executor-0] INFO  org.apache.iceberg.BaseMetastoreCatalog - Table loaded by catalog: olake_iceberg.mongodb_shop.orders","time":"2026-04-30T18:11:30Z"}
{"level":"info","message":"Thread[shop.orders_01KQFSCTNM6M2T7Y9NSJ571JX8:50053] 18:11:30.603 [grpc-default-executor-0] WARN  io.debezium.server.iceberg.tableoperator.IcebergTableOperator - no writer to complete","time":"2026-04-30T18:11:30Z"}
{"level":"info","message":"Thread[shop.orders_01KQFSCTNM6M2T7Y9NSJ571JX8:50053] 18:11:30.603 [grpc-default-executor-0] INFO  io.debezium.server.iceberg.tableoperator.IcebergTableOperator - No files to commit for thread: shop.orders_01KQFSCTNM6M2T7Y9NSJ571JX8","time":"2026-04-30T18:11:30Z"}
{"level":"info","message":"Thread[shop.orders_01KQFSCTNM6M2T7Y9NSJ571JX8:50053] 18:11:30.630 [grpc-default-executor-0] INFO  io.debezium.server.iceberg.rpc.OlakeRowsIngester - [Thread-23-15260114201409] Total time taken: 1572 ms","time":"2026-04-30T18:11:30Z"}
{"level":"debug","time":"2026-04-30T18:11:30Z","message":"Thread[shop.orders_01KQFSCTNM6M2T7Y9NSJ571JX8]: Sent commit message: [Thread-23-15260114201409] Successfully committed data for thread shop.orders_01KQFSCTNM6M2T7Y9NSJ571JX8"}
{"level":"info","time":"2026-04-30T18:11:30Z","message":"Thread[shop.orders_01KQFSCTNM6M2T7Y9NSJ571JX8]: shutting down Iceberg server on port 50053"}
{"level":"info","time":"2026-04-30T18:11:30Z","message":"Total records read: 15"}
{"level":"info","time":"2026-04-30T18:11:30Z","message":"Sync completed, wait 5 seconds cleanup in progress..."}
